logging on
